                                            Dignus Assembler Option Summary                                                Page    1 
                                                                                                      DASM V1.95.14 2021/04/30 15:35 

Overriding Parameters- -LC:\DIGNUS\MACLIB\&m -oc:../asg/obj/rdfnv1a.obj ../asg/asm/rdfnv1a.asm
  Process Statements-       DUPALIAS

Options for this Assembly             Source
-------------------------             -------------------------
   NOADATA                            {Default}
     ALIGN                            {Default}
     BATCH                            {Default}
   NOCOMPATCASE                       {Default}
   NOCOMPATMACROCASE                  {Default}
   NOCOMPATSYSLIST                    {Default}
   NOCOMPATLITTYPE                    {Default}
   NOCOMPATSYSPATH                    {Default}
     DXREF                            {Default}
   NOMAPAT                            {Default}
     DUPALIAS                         {*PROCESS}
   NOVSELIBR                          {Default}
     ESD                              {Default}
     ERRFMT(microsoft)                {Default}
     FLAG(0,ALIGN,CONT,NOEXLITW,NOPAGE0,PUSH,RECORD,NOSUBSTR,NOIMPLEN,USING0)
                                      {Default}
   NOFOLD                             {Default}
   NOGOFF                             {Default}
     LANGUAGE(EN)                     {Default}
     LINECOUNT(55)                    {Default}
     LIST(&d&p&f.lst)                 {Default}
     MACCPYEXT(mac)                   {Default}
     MXREF                            {Default}
     OBJECT(c:..\asg\obj\rdfnv1a.obj) CMDLINE
     OPTABLE(UNI,NOLIST)              {Default}
     OPTIONSUMMARY                    {Default}
   NOPCONTROL                         {Default}
   NOPESTOP                           {Default}
   NOPROFILE                          {Default}
   NORA2                              {Default}
     RLD                              {Default}
     RENT                             {Default}
   NORXREF                            {Default}
     SECTALGN(8)                      {Default}
     SIZE(MAX)                        {Default}
   NOSUPRWARN                         {Default}
     SYSPARM()                        {Default}
     TERM(WIDE)                       {Default}
     THREAD                           {Default}
   NOTRANSLATE                        {Default}
     TYPECHECK(MAGNITUDE,REGISTER)    {Default}
     USING(NOLIMIT,MAP,WARN(15))      {Default}
   NONXREF                            {Default}
   NOXREF                             {Default}
     XSD                              {Default}

Libraries in Search Order:
                                            Dignus Assembler Option Summary                                                Page    2 
                                                                                                      DASM V1.95.14 2021/04/30 15:35 
       CMDLINE      C:\DIGNUS\MACLIB\&m
                                              External Symbol Dictionary                                                   Page    3 
Symbol   Type   Id     Address  Length   Owner Id Flags Alias-of                                      DASM V1.95.14 2021/04/30 15:35 
@@ZARCH#  WX 00000001                              00
@RDFNV1A  SD 00000002 00000000 000004A6            07  @CODE
fprintf   ER 00000003                                  FPRINTF
@@ASSERT  ER 00000004                                  __ASSERT
@@STDERP  XD 00000005 00000003 00000000                __STDERRP
rd_unittest_assert_on_failure
          XD 00000006 00000003 00000000                RD_UNITTEST_ASSERT_ON_FAILURE
@rdfnv1a& XD 00000007 00000007 00000200                @@STATIC
@rdfnv1a  SD 00000008 000004A8 0000019C            07  @DATA
rd_unittest_assert_on_failure
          ER 00000009                                  @ERD_UNITTEST_ASSERT_ON_FAILURE
@@STDERP  ER 0000000A                                  @E__STDERRP
rdfnv1a:  SD 0000000B 00000648 00000230            07  @@INIT@
rd_fnv1a  LD          00000058          00000002   00  RD_FNV1A
unittest_fnv1a
          LD          00000110          00000002   00  UNITTEST_FNV1A
                                                                                                                           Page    4 
  Active Usings: None
  Loc    Object Code      Addr1    Addr2    Stmt  Source Statement                                    DASM V1.95.14 2021/04/30 15:35 
                                               1 *PROCESS DUPALIAS
                                               2 *
                                               3 *  Compiled by DCC Version 2.25.07 Mar  6 2021 08:51:07
                                               4 *           on Fri Apr 30 15:35:16 2021
                                               5 *

                                               7          WXTRN @@ZARCH#
                                               8 *
                                               9 *
                                              10 *
                                              11 *    Code Section
                                              12 *
                                              13 @CODE    ALIAS C'@RDFNV1A'
00000000                00000000 000004A6     14 @CODE    CSECT
                                              15 @CODE    AMODE ANY
                                              16 @CODE    RMODE ANY
                                              17 @DATA    ALIAS C'@rdfnv1a'
                                              18 fprintf  ALIAS C'fprintf'
                                              19          EXTRN fprintf
                                              20 __assert ALIAS C'@@ASSERT'
                                              21          EXTRN __assert
                                              22 __stderrp ALIAS C'@@STDERP'
                                              23 __stderrp DXD   0F
                                              24 rd_unittest_assert_on_failure ALIAS X'99846DA49589A3A385A2A36D81A2A2859*
                                                                9A36D96956D86818993A49985'
                                              25 rd_unittest_assert_on_failure DXD   0F
                                              26 *
                                              27 *
                                              28 *
                                              29 * ....... start of rd_fnv1a
                                              30 rd_fnv1a ALIAS X'99846D8695A5F181'
00000000                                      31 @LNAME760 DS   0H
00000000 00000008                             32          DC    X'00000008'
00000004 99846D8695A5F181                     33          DC    C'rd_fnv1a'
0000000C 00                                   34          DC    X'00'
                                              35 rd_fnv1a DCCPRLG CINDEX=760,BASER=12,FRAME=176,SAVEAREA=NO,ENTRY=YES,AR*
                                                                CH=ZARCH,LNAMEADDR=@LNAME760
                                              36          macro
                                              37          dccextrn &m
                                              38          gblc    &$dccext(1000)
                                              39          gbla    &$dccexti
                                              40          lcla    &i
                                              41 &$dccext(&$dccexti+1) setc    '&m'
                                              42 &i       seta    1
                                              43 .loop    aif    (&i gt &$dccexti).around
                                              44          aif    ('&$dccext(&i)' eq '&m').getout
                                              45 &i       seta    &i+1
                                              46          ago     .loop
                                              47 .around  anop
                                              48 &$dccexti seta &$dccexti+1
                                              49          extrn  &m
                                              50 .getout  anop
                                                                                                                           Page    5 
  Active Usings: None
  Loc    Object Code      Addr1    Addr2    Stmt  Source Statement                                    DASM V1.95.14 2021/04/30 15:35 
                                              51          mend
00000010                                      52+$eye0002    ds    0d                                                    02-DCCCA
00000010 C4C3C3                               53+         dc cl3'DCC'                                                    02-DCCCA
00000013 01                                   54+         dc xl1'01' format one                                          02-DCCCA
00000014 00000000                             55+         dc a(0)                                                        02-DCCCA
00000018 0000000000000000                     56+         dc ad(0)                                                       02-DCCCA
00000020 00000000000000B0                     57+         dc ad(176)                                                     02-DCCCA
00000028 0000000000000000                     58+         dc ad(0)                                                       02-DCCCA
00000030 0000000000001000                     59+         dc ad(4096)                                                    02-DCCCA
00000038 20                                   60+         dc bl.4'0010',bl.2'00',bl.2'00'                                02-DCCCA
00000039 03                                   61+         dc bl.3'000',bl.1'0',bl.4'0011'                                02-DCCCA
0000003A 03                                   62+         dc al1(3)                                                      02-DCCCA
0000003B 08                                   63+         dc al.4(0000),bl.4'1000'                                       02-DCCCA
0000003C 00                                   64+         dc bl.8'00000000'                                              02-DCCCA
0000003D 000000                               65+         dc al3(0)                                                      02-DCCCA
00000040 0000000000000000                     66+         dc ad(@LNAME760)                                               02-DCCCA
00000048                                      67+         ds 0d                                                          02-DCCCA
00000048 0000000000000010                     68+         dc ad($eye0002)                                                02-DCCCA
00000050 0000000000000000                     69+         dc ad(0)                                                       02-DCCCA
00000058                                      70+         ds    0d                                                       01-DCCPR
                                              71+         entry rd_fnv1a                                                 01-DCCPR
00000058                                      72+rd_fnv1a ds    0d                                                       01-DCCPR
00000058                                      73+@REGION_760_1 ds 0h                                                     01-DCCPR
00000058 EBEC D008 0024          00000008     74+         stmg  14,12,8(13)                         Save regs            01-DCCPR
0000005E B904 00CF                            75+         lgr   12,15               set base reg                         01-DCCPR
                        00000058              76+         using @REGION_760_1,12                                         01-DCCPR
00000062 B904 0041                            77          LGR   4,1         ; ptr to parm area
                                              78 * ******* End of Prologue
                                              79 * *
                                              80 * ***           const uint32_t prime  = 0x01000193;
00000066 C0F9 0100 0193                       81          IILF  15,X'01000193' ; 16777619
                                              82 * ***           const uint32_t offset = 0x811C9DC5;
0000006C C029 811C 9DC5                       83          IILF  2,X'811C9DC5' ; -2128831035
                                              84 * ***           size_t i;
                                              85 * ***           int32_t h = offset;
                                              86 * ***
                                              87 * ***           const unsigned char *data = (const unsigned char *)key\
                                              88 * ;
00000072 E330 4000 0004          00000000     89          LG    3,0(0,4)    ; key
                                              90 * ***
                                              91 * ***           for (i = 0; i < len; i++) {
00000078 A719 0000               00000000     92          LGHI  1,0         ; 0
0000007C 47F0 C038               00000090     93          B     @L45
00000080                                      94 @L44     DS    0H
                                              95 * ***                   h ^= data[i];
00000080 E351 3000 0094          00000000     96          LLC   5,0(1,3)
00000086 1725                                 97          XR    2,5
                                              98 * ***                   h *= prime;
00000088 B252 002F                            99          MSR   2,15
                                             100 * ***           }
0000008C A71B 0001               00000001    101          AGHI  1,1
00000090                                     102 @L45     DS    0H
                                                                                                                           Page    6 
  Active Usings: @REGION_760_1,R12  
  Loc    Object Code      Addr1    Addr2    Stmt  Source Statement                                    DASM V1.95.14 2021/04/30 15:35 
00000090 E310 4008 0021          00000008    103          CLG   1,8(0,4)
00000096 4740 C028               00000080    104          BL    @L44
                                             105 * ***
                                             106 * ***
                                             107 * ***           if (h < 0) {
0000009A 1222                                108          LTR   2,2
0000009C 47B0 C04A               000000A2    109          BNL   @L48
                                             110 * ***                   h = -h;
000000A0 1322                                111          LCR   2,2
                                             112 * ***           }
000000A2                                     113 @L48     DS    0H
                                             114 * ***
                                             115 * ***           return (uint32_t)h;
000000A2 B916 00F2                           116          LLGFR 15,2
                                             117 * ***   }
                                             118 * * **** Start of Epilogue
                                             119          DCCEPIL
000000A6                                     120+         ds 0h                                                          01-DCCEP
                                             121+* Epilog
                                             122+* Epilog
000000A6 E3E0 D008 0004          00000008    123+         lg    14,8(,13) restore the reg                                01-DCCEP
000000AC EB1C D020 0004          00000020    124+         lmg   1,12,32(13)                                              01-DCCEP
000000B2 07FE                                125+         br   14                                                        01-DCCEP
                                             126+* End of Epilog
                                             127 * * **** End of Epilogue
                                             128          DROP  12
                                             129 *
                                             130 *   DSECT for automatic variables in "rd_fnv1a"
                                             131 *      (FUNCTION #760)
                                             132 *
00000000                00000000 000000B0    133 @AUTO#rd_fnv1a DSECT
00000000                                     134          DS    XL168
000000A8                                     135 rd_fnv1a#h#0 DS 1F         ; h
000000AC                000000AC 000000A8    136          ORG   @AUTO#rd_fnv1a+168
000000A8                                     137 rd_fnv1a#i#0 DS 8XL1       ; i
000000B0                000000B0 000000A8    138          ORG   @AUTO#rd_fnv1a+168
000000A8                                     139 rd_fnv1a#offset#0 DS 1F    ; offset
000000AC                000000AC 000000A8    140          ORG   @AUTO#rd_fnv1a+168
000000A8                                     141 rd_fnv1a#prime#0 DS 1F     ; prime
                                             142 *
000000B4                00000000 000004A6    143 @CODE    CSECT
                                             144 *
                                             145 *
                                             146 *
                                             147 * ....... start of unittest_fnv1a
                                             148 unittest_fnv1a ALIAS X'A49589A3A385A2A36D8695A5F181'
000000B4                                     149 @LNAME761 DS   0H
000000B4 0000000E                            150          DC    X'0000000E'
000000B8 A49589A3A385A2A3                    151          DC    C'unittest_fnv1a'
000000C6 00                                  152          DC    X'00'
                                             153 unittest_fnv1a DCCPRLG CINDEX=761,BASER=12,FRAME=352,ENTRY=YES,ARCH=ZAR*
                                                                CH,LNAMEADDR=@LNAME761
                                                                                                                           Page    7 
  Active Usings: None
  Loc    Object Code      Addr1    Addr2    Stmt  Source Statement                                    DASM V1.95.14 2021/04/30 15:35 
                                             154          macro
                                             155          dccextrn &m
                                             156          gblc    &$dccext(1000)
                                             157          gbla    &$dccexti
                                             158          lcla    &i
                                             159 &$dccext(&$dccexti+1) setc    '&m'
                                             160 &i       seta    1
                                             161 .loop    aif    (&i gt &$dccexti).around
                                             162          aif    ('&$dccext(&i)' eq '&m').getout
                                             163 &i       seta    &i+1
                                             164          ago     .loop
                                             165 .around  anop
                                             166 &$dccexti seta &$dccexti+1
                                             167          extrn  &m
                                             168 .getout  anop
                                             169          mend
000000C8                                     170+$eye0005    ds    0d                                                    02-DCCCA
000000C8 C4C3C3                              171+         dc cl3'DCC'                                                    02-DCCCA
000000CB 01                                  172+         dc xl1'01' format one                                          02-DCCCA
000000CC 00000000                            173+         dc a(0)                                                        02-DCCCA
000000D0 000000000000013A                    174+         dc ad(@PER_761)                                                02-DCCCA
000000D8 0000000000000160                    175+         dc ad(352)                                                     02-DCCCA
000000E0 0000000000000000                    176+         dc ad(0)                                                       02-DCCCA
000000E8 0000000000001000                    177+         dc ad(4096)                                                    02-DCCCA
000000F0 20                                  178+         dc bl.4'0010',bl.2'00',bl.2'00'                                02-DCCCA
000000F1 03                                  179+         dc bl.3'000',bl.1'0',bl.4'0011'                                02-DCCCA
000000F2 03                                  180+         dc al1(3)                                                      02-DCCCA
000000F3 08                                  181+         dc al.4(0000),bl.4'1000'                                       02-DCCCA
000000F4 00                                  182+         dc bl.8'00000000'                                              02-DCCCA
000000F5 000000                              183+         dc al3(0)                                                      02-DCCCA
000000F8 00000000000000B4                    184+         dc ad(@LNAME761)                                               02-DCCCA
00000100                                     185+         ds 0d                                                          02-DCCCA
00000100 00000000000000C8                    186+         dc ad($eye0005)                                                02-DCCCA
00000108 0000000000000000                    187+         dc ad(0)                                                       02-DCCCA
00000110                                     188+         ds    0d                                                       01-DCCPR
                                             189+         entry unittest_fnv1a                                           01-DCCPR
00000110                                     190+unittest_fnv1a ds 0d                                                    01-DCCPR
00000110                                     191+@REGION_761_1 ds 0h                                                     01-DCCPR
00000110 EBEC D008 0024          00000008    192+         stmg  14,12,8(13)                         Save regs            01-DCCPR
00000116 E3E0 D088 0004          00000088    193+         lg    14,17*8(0,13)       addr of next savearea                01-DCCPR
0000011C E3C0 D090 0004          00000090    194+         lg    12,18*8(0,13)       addr of DSAB                         01-DCCPR
00000122 B904 002E                           195+         lgr   2,14                copy addr of our savearea            01-DCCPR
00000126 E3B0 C018 0004          00000018    196+         lg    11,24(0,12)         get dvt address                      01-DCCPR
0000012C A7EB 0160               00000160    197+         aghi  14,352              increase by frame size               01-DCCPR
00000130 E3E0 C020 0021          00000020    198+         clg   14,32(0,12)  Will this DSAB hold this stack frame?       01-DCCPR
00000136 4720 B020               00000020    199+         bc    2,32(0,11)          goto prolog expansion                01-DCCPR
0000013A                                     200+@PER_761 ds    0h                                                       01-DCCPR
0000013A EBDE 2080 0024          00000080    201+         stmg  13,14,16*8(2)       back/forwards sa                     01-DCCPR
00000140 E3C0 2090 0024          00000090    202+         stg   12,18*8(0,2)        dsab sa                              01-DCCPR
00000146 B904 00D2                           203+         lgr   13,2                set real frame pointer               01-DCCPR
0000014A B904 00CF                           204+         lgr   12,15               set base reg                         01-DCCPR
                        00000110             205+         using @REGION_761_1,12                                         01-DCCPR
                                                                                                                           Page    8 
  Active Usings: @REGION_761_1,R12  
  Loc    Object Code      Addr1    Addr2    Stmt  Source Statement                                    DASM V1.95.14 2021/04/30 15:35 
                                             206          DCCPRV REG=4      ; Get PRV from DVT
0000014E E340 B008 0004          00000008    207+         LG 4,8(0,11)                                                   01-DCCPR
                                             208 * ******* End of Prologue
                                             209 * *
                                             210 * ***           const char *short_unaligned = "1234";
00000154 E3F0 C140 0004          00000250    211          LG    15,@lit_761_3
                                             212 * ***           const char *unaligned = "PreAmbleWillBeRemoved,ThePreP\
                                             213 * artThatIs";
0000015A 4110 F006               00000006    214          LA    1,6(0,15)
                                             215 * ***           const char *keysToTest[] = {
                                             216 * ***                   "kafka",
0000015E 4120 F02E               0000002E    217          LA    2,46(0,15)
00000162 E320 D0A8 0024          000000A8    218          STG   2,168(0,13)
                                             219 * ***                   "giberish123456789",
00000168 4120 F034               00000034    220          LA    2,52(0,15)
0000016C E320 D0B0 0024          000000B0    221          STG   2,176(0,13)
                                             222 * ***                   short_unaligned,
00000172 E3F0 D0B8 0024          000000B8    223          STG   15,184(0,13)
                                             224 * ***                   short_unaligned+1,
00000178 4120 F001               00000001    225          LA    2,1(0,15)
0000017C E320 D0C0 0024          000000C0    226          STG   2,192(0,13)
                                             227 * ***                   short_unaligned+2,
00000182 4120 F002               00000002    228          LA    2,2(0,15)
00000186 E320 D0C8 0024          000000C8    229          STG   2,200(0,13)
                                             230 * ***                   short_unaligned+3,
0000018C 4120 F003               00000003    231          LA    2,3(0,15)
00000190 E320 D0D0 0024          000000D0    232          STG   2,208(0,13)
                                             233 * ***                   unaligned,
00000196 E310 D0D8 0024          000000D8    234          STG   1,216(0,13)
                                             235 * ***                   unaligned+1,
0000019C 4120 1001               00000001    236          LA    2,1(0,1)
000001A0 E320 D0E0 0024          000000E0    237          STG   2,224(0,13)
                                             238 * ***                   unaligned+2,
000001A6 4120 1002               00000002    239          LA    2,2(0,1)
000001AA E320 D0E8 0024          000000E8    240          STG   2,232(0,13)
                                             241 * ***                   unaligned+3,
000001B0 4110 1003               00000003    242          LA    1,3(0,1)
000001B4 E310 D0F0 0024          000000F0    243          STG   1,240(0,13)
                                             244 * ***                   "",
000001BA 41F0 F046               00000046    245          LA    15,70(0,15)
000001BE E3F0 D0F8 0024          000000F8    246          STG   15,248(0,13)
                                             247 * ***                   ((void *)0),
                                             248 * ***           };
                                             249 * setting 8 bytes to 0x00
000001C4 D707 D100 D100 00000100 00000100    250          XC    256(8,13),256(13)
                                             251 * ***
                                             252 * ***
                                             253 * ***           const int32_t golang_hashfnv_results[] = {
                                             254 * ***                   0xd33c4e1,
000001CA C0F9 0D33 C4E1                      255          IILF  15,X'0D33C4E1' ; 221496545
000001D0 50F0 D108               00000108    256          ST    15,264(0,13)
                                             257 * ***                   0x77a58295,
                                                                                                                           Page    9 
  Active Usings: @REGION_761_1,R12  
  Loc    Object Code      Addr1    Addr2    Stmt  Source Statement                                    DASM V1.95.14 2021/04/30 15:35 
000001D4 C0F9 77A5 8295                      258          IILF  15,X'77A58295' ; 2007335573
000001DA 50F0 D10C               0000010C    259          ST    15,268(0,13)
                                             260 * ***                   0x23bdd03,
000001DE C0F9 023B DD03                      261          IILF  15,X'023BDD03' ; 37477635
000001E4 50F0 D110               00000110    262          ST    15,272(0,13)
                                             263 * ***                   0x2dea3cd2,
000001E8 C0F9 2DEA 3CD2                      264          IILF  15,X'2DEA3CD2' ; 770325714
000001EE 50F0 D114               00000114    265          ST    15,276(0,13)
                                             266 * ***                   0x740fa83e,
000001F2 C0F9 740F A83E                      267          IILF  15,X'740FA83E' ; 1947183166
000001F8 50F0 D118               00000118    268          ST    15,280(0,13)
                                             269 * ***                   0x310ca263,
000001FC C0F9 310C A263                      270          IILF  15,X'310CA263' ; 822911587
00000202 50F0 D11C               0000011C    271          ST    15,284(0,13)
                                             272 * ***                   0x65cbd69c,
00000206 C0F9 65CB D69C                      273          IILF  15,X'65CBD69C' ; 1707857564
0000020C 50F0 D120               00000120    274          ST    15,288(0,13)
                                             275 * ***                   0x6e49c79a,
00000210 C0F9 6E49 C79A                      276          IILF  15,X'6E49C79A' ; 1850328986
00000216 50F0 D124               00000124    277          ST    15,292(0,13)
                                             278 * ***                   0x69eed356,
0000021A C0F9 69EE D356                      279          IILF  15,X'69EED356' ; 1777259350
00000220 50F0 D128               00000128    280          ST    15,296(0,13)
                                             281 * ***                   0x6abcc023,
00000224 C0F9 6ABC C023                      282          IILF  15,X'6ABCC023' ; 1790754851
0000022A 50F0 D12C               0000012C    283          ST    15,300(0,13)
                                             284 * ***                   0x7ee3623b,
0000022E C0F9 7EE3 623B                      285          IILF  15,X'7EE3623B' ; 2128831035
00000234 50F0 D130               00000130    286          ST    15,304(0,13)
                                             287 * ***                   0x7ee3623b,
00000238 50F0 D134               00000134    288          ST    15,308(0,13)
                                             289 * ***           };
                                             290 * ***
                                             291 * ***           size_t i;
                                             292 * ***           for (i = 0; i < (sizeof((keysToTest)) / sizeof(*(keysT\
                                             293 * oTest))); i++) {
0000023C A729 0000               00000000    294          LGHI  2,0         ; 0
00000240 47F0 C2F2               00000402    295          B     @L50
00000248                                     296          DS    0D
00000248 00000160                            297 @FRAMESIZE_761 DC F'352'
0000024C 00000000
00000250 00000000000004FE                    298 @lit_761_3 DC  AD(@strings@)
00000258 0000000000000058                    299 @lit_761_18 DC AD(rd_fnv1a)
00000260 0000000000000000                    300 @lit_761_22 DC AD(fprintf)
00000268 00000000000004A8                    301 @lit_761_21 DC AD(@DATA)
00000270 00000000                            302 @lit_761_19 DC Q(__stderrp)
00000274 00000000                            303 @lit_761_27 DC Q(rd_unittest_assert_on_failure)
00000278 0000000000000000                    304 @lit_761_28 DC AD(__assert)
00000280                                     305 @L49     DS    0H
                                             306 * ***                   uint32_t h = rd_fnv1a(keysToTest[i],
                                             307 * ***                                           keysToTest[i] ?
00000280 EBF2 0003 000D          00000003    308          SLLG  15,2,3(0)   ; *0x8
                                                                                                                           Page   10 
  Active Usings: @REGION_761_1,R12  
  Loc    Object Code      Addr1    Addr2    Stmt  Source Statement                                    DASM V1.95.14 2021/04/30 15:35 
00000286 E3FF D0A8 0002          000000A8    309          LTG   15,168(15,13)
0000028C 4780 C1A4               000002B4    310          BZ    @L53
                                             311 * ***                                           __strlen(keysToTest[i]\
                                             312 * ) : 0);
00000290 EBF2 0003 000D          00000003    313          SLLG  15,2,3(0)   ; *0x8
00000296 E3FF D0A8 0004          000000A8    314          LG    15,168(15,13)
0000029C B904 001F                           315          LGR   1,15
000002A0 A709 0000               00000000    316          LGHI  0,0
000002A4                                     317 @@gen_label3 DS 0H
000002A4 B25E 000F                           318          SRST  0,15
000002A8 4710 C194               000002A4    319          BC  1,@@gen_label3
000002AC B90B 0001                           320          SLGR  0,1
000002B0 47F0 C1A8               000002B8    321          B     @L54
000002B4                                     322 @L53     DS    0H
000002B4 A709 0000               00000000    323          LGHI  0,0         ; 0
000002B8                                     324 @L54     DS    0H
000002B8 EBF2 0003 000D          00000003    325          SLLG  15,2,3(0)   ; *0x8
000002BE E3FF D0A8 0004          000000A8    326          LG    15,168(15,13)
000002C4 EBF0 D138 0024          00000138    327          STMG  15,0,312(13)
000002CA 4110 D138               00000138    328          LA    1,312(0,13)
000002CE E3F0 C148 0004          00000258    329          LG    15,@lit_761_18 ; rd_fnv1a
000002D4                                     330 @@gen_label4 DS    0H
000002D4 05EF                                331          BALR  14,15
000002D6                                     332 @@gen_label5 DS    0H
000002D6 183F                                333          LR    3,15
                                             334 * ***                   do { if (!((int32_t)h == golang_hashfnv_result\
                                             335 * s[i])) { fprintf(__stderrp, "\033[31mRDUT: FAIL: %s:%d: %s: " "asser\
                                             336 * t failed: " "(int32_t)h == golang_hashfnv_results[i]" ": ", "C:\\asg\
                                             337 * kafka\\librdkafka\\src\\rdfnv1a.c", 106, __FUNCTION__); fprintf(__st\
                                             338 * derrp, "Calculated FNV-1a hash 0x%x for \"%s\", " "expected 0x%x", h\
                                             339 * , keysToTest[i], golang_hashfnv_results[i]); fprintf(__stderrp, "\03\
                                             340 * 3[0m\n"); if (rd_unittest_assert_on_failure) (((int32_t)h == golang_\
                                             341 * hashfnv_results[i]) ? (void)0 : __assert(__func__, "C:\\asgkafka\\li\
                                             342 * brdkafka\\src\\rdfnv1a.c", 106, "(int32_t)h == golang_hashfnv_result\
                                             343 * s[i]")); return 1; } } while (0);
000002D8                                     344 @L55     DS    0H
000002D8 EBF2 0002 000D          00000002    345          SLLG  15,2,2(0)   ; *0x4
000002DE 593F D108               00000108    346          C     3,264(15,13)
000002E2 4780 C2EE               000003FE    347          BE    @L58
000002E6 E350 C160 0016          00000270    348          LLGF  5,@lit_761_19 ; __stderrp
000002EC E3F5 4000 0004          00000000    349          LG    15,0(5,4)   ; __stderrp
000002F2 E3F0 D138 0024          00000138    350          STG   15,312(0,13)
000002F8 E360 C140 0004          00000250    351          LG    6,@lit_761_3
000002FE 41F0 6048               00000048    352          LA    15,72(0,6)
00000302 E3F0 D140 0024          00000140    353          STG   15,320(0,13)
00000308 41F0 609E               0000009E    354          LA    15,158(0,6)
0000030C E3F0 D148 0024          00000148    355          STG   15,328(0,13)
00000312 E548 D150 006A          00000150    356          MVGHI 336(13),106
00000318 E370 C158 0004          00000268    357          LG    7,@lit_761_21
0000031E 41F0 7046               00000046    358          LA    15,70(0,7)
00000322 E3F0 D158 0024          00000158    359          STG   15,344(0,13)
00000328 4110 D138               00000138    360          LA    1,312(0,13)
                                                                                                                           Page   11 
  Active Usings: @REGION_761_1,R12  
  Loc    Object Code      Addr1    Addr2    Stmt  Source Statement                                    DASM V1.95.14 2021/04/30 15:35 
0000032C E380 C150 0004          00000260    361          LG    8,@lit_761_22 ; fprintf
00000332 B904 00F8                           362          LGR   15,8
00000336                                     363 @@gen_label7 DS    0H
00000336 05EF                                364          BALR  14,15
00000338                                     365 @@gen_label8 DS    0H
00000338 E3F5 4000 0004          00000000    366          LG    15,0(5,4)   ; __stderrp
0000033E E3F0 D138 0024          00000138    367          STG   15,312(0,13)
00000344 41F0 60C4               000000C4    368          LA    15,196(0,6)
00000348 E3F0 D140 0024          00000140    369          STG   15,320(0,13)
0000034E B916 00F3                           370          LLGFR 15,3
00000352 E3F0 D148 0024          00000148    371          STG   15,328(0,13)
00000358 EBF2 0003 000D          00000003    372          SLLG  15,2,3(0)   ; *0x8
0000035E E3FF D0A8 0004          000000A8    373          LG    15,168(15,13)
00000364 E3F0 D150 0024          00000150    374          STG   15,336(0,13)
0000036A EBF2 0002 000D          00000002    375          SLLG  15,2,2(0)   ; *0x4
00000370 E3FF D108 0014          00000108    376          LGF   15,264(15,13)
00000376 E3F0 D158 0024          00000158    377          STG   15,344(0,13)
0000037C 4110 D138               00000138    378          LA    1,312(0,13)
00000380 B904 00F8                           379          LGR   15,8
00000384                                     380 @@gen_label9 DS    0H
00000384 05EF                                381          BALR  14,15
00000386                                     382 @@gen_label10 DS    0H
00000386 E3F5 4000 0004          00000000    383          LG    15,0(5,4)   ; __stderrp
0000038C E3F0 D138 0024          00000138    384          STG   15,312(0,13)
00000392 41F0 60F8               000000F8    385          LA    15,248(0,6)
00000396 E3F0 D140 0024          00000140    386          STG   15,320(0,13)
0000039C 4110 D138               00000138    387          LA    1,312(0,13)
000003A0 B904 00F8                           388          LGR   15,8
000003A4                                     389 @@gen_label11 DS    0H
000003A4 05EF                                390          BALR  14,15
000003A6                                     391 @@gen_label12 DS    0H
000003A6 E3F0 C164 0016          00000274    392          LLGF  15,@lit_761_27 ; rd_unittest_assert_on_failure
000003AC 41FF 4000               00000000    393          LA    15,0(15,4)
000003B0 9500 F000      00000000 00000000    394          CLI   0(15),0
000003B4 4780 C2E6               000003F6    395          BE    @L59
000003B8 EBF2 0002 000D          00000002    396          SLLG  15,2,2(0)   ; *0x4
000003BE 593F D108               00000108    397          C     3,264(15,13)
000003C2 4780 C2E6               000003F6    398          BE    @L59
000003C6                                     399 @L60     DS    0H
000003C6 41F0 7046               00000046    400          LA    15,70(0,7)
000003CA E3F0 D138 0024          00000138    401          STG   15,312(0,13)
000003D0 41F0 609E               0000009E    402          LA    15,158(0,6)
000003D4 E3F0 D140 0024          00000140    403          STG   15,320(0,13)
000003DA E548 D148 006A          00000148    404          MVGHI 328(13),106
000003E0 41F0 60FE               000000FE    405          LA    15,254(0,6)
000003E4 E3F0 D150 0024          00000150    406          STG   15,336(0,13)
000003EA 4110 D138               00000138    407          LA    1,312(0,13)
000003EE E3F0 C168 0004          00000278    408          LG    15,@lit_761_28 ; __assert
000003F4                                     409 @@gen_label15 DS    0H
000003F4 05EF                                410          BALR  14,15
000003F6                                     411 @@gen_label16 DS    0H
000003F6                                     412 @L61     DS    0H
                                                                                                                           Page   12 
  Active Usings: @REGION_761_1,R12  
  Loc    Object Code      Addr1    Addr2    Stmt  Source Statement                                    DASM V1.95.14 2021/04/30 15:35 
000003F6                                     413 @L59     DS    0H
000003F6 A7F9 0001               00000001    414          LGHI  15,1        ; 1
000003FA 47F0 C34E               0000045E    415          B     @ret_lab_761
000003FE                                     416 @L58     DS    0H
                                             417 * ***
                                             418 * ***
                                             419 * ***
                                             420 * ***           }
000003FE A72B 0001               00000001    421          AGHI  2,1
00000402                                     422 @L50     DS    0H
00000402 C22E 0000 000C                      423          CLGFI 2,X'0000000C'
00000408 4740 C170               00000280    424          BL    @L49
                                             425 * ***           do { fprintf(__stderrp, "\033[32mRDUT: PASS: %s:%d: %s\
                                             426 * \033[0m\n", "C:\\asgkafka\\librdkafka\\src\\rdfnv1a.c", 111, __FUNCT\
                                             427 * ION__); return 0; } while (0);
0000040C                                     428 @L62     DS    0H
0000040C E3F0 C160 0016          00000270    429          LLGF  15,@lit_761_19 ; __stderrp
00000412 E3FF 4000 0004          00000000    430          LG    15,0(15,4)  ; __stderrp
00000418 E3F0 D138 0024          00000138    431          STG   15,312(0,13)
0000041E E3F0 C140 0004          00000250    432          LG    15,@lit_761_3
00000424 4110 F126               00000126    433          LA    1,294(0,15)
00000428 E310 D140 0024          00000140    434          STG   1,320(0,13)
0000042E 41F0 F09E               0000009E    435          LA    15,158(0,15)
00000432 E3F0 D148 0024          00000148    436          STG   15,328(0,13)
00000438 E548 D150 006F          00000150    437          MVGHI 336(13),111
0000043E E3F0 C158 0004          00000268    438          LG    15,@lit_761_21
00000444 41F0 F046               00000046    439          LA    15,70(0,15)
00000448 E3F0 D158 0024          00000158    440          STG   15,344(0,13)
0000044E 4110 D138               00000138    441          LA    1,312(0,13)
00000452 E3F0 C150 0004          00000260    442          LG    15,@lit_761_22 ; fprintf
00000458                                     443 @@gen_label18 DS    0H
00000458 05EF                                444          BALR  14,15
0000045A                                     445 @@gen_label19 DS    0H
0000045A A7F9 0000               00000000    446          LGHI  15,0        ; 0
                                             447 * ***   }
0000045E                                     448 @ret_lab_761 DS 0H
                                             449 * * **** Start of Epilogue
                                             450          DCCEPIL
0000045E                                     451+         ds 0h                                                          01-DCCEP
                                             452+* Epilog
0000045E D707 D088 D088 00000088 00000088    453+         xc  17*8(8,13),17*8(13)             clear next DSA             01-DCCEP
00000464 E3D0 D080 0004          00000080    454+         lg  13,16*8(0,13)       get the prev DSA                       01-DCCEP
0000046A E3C0 D090 0004          00000090    455+         lg  12,18*8(0,13)       get the DSAB ptr                       01-DCCEP
00000470 E3B0 C018 0004          00000018    456+         lg  11,24(0,12)         fetch dvt                              01-DCCEP
00000476 E3C0 B010 0021          00000010    457+         clg 12,16(0,11)         does the dsab change?                  01-DCCEP
0000047C E3E0 D008 0004          00000008    458+         lg  14,8(0,13)          load up return address                 01-DCCEP
00000482 EB1C D020 0004          00000020    459+         lmg 1,12,32(13)         load rest of regs                      01-DCCEP
00000488 078E                                460+         bcr 8,14                if same dsab, just return              01-DCCEP
0000048A E3F0 D010 0024          00000010    461+         stg 15,16(0,13)         save return code                       01-DCCEP
00000490 E300 D018 0024          00000018    462+         stg 0,24(0,13)          save more return code                  01-DCCEP
00000496 E3F0 D090 0004          00000090    463+         lg  15,18*8(0,13)       load dsab address                      01-DCCEP
0000049C E3F0 F018 0004          00000018    464+         lg  15,24(0,15)         load dvt address                       01-DCCEP
                                                                                                                           Page   13 
  Active Usings: @REGION_761_1,R12  
  Loc    Object Code      Addr1    Addr2    Stmt  Source Statement                                    DASM V1.95.14 2021/04/30 15:35 
000004A2 47F0 F040               00000040    465+         bc  15,64(0,15)         branch to contraction                  01-DCCEP
                                             466+* End of Epilog
                                             467 * * **** End of Epilogue
                                             468          DROP  12
                                             469 *
                                             470 *   DSECT for automatic variables in "unittest_fnv1a"
                                             471 *      (FUNCTION #761)
                                             472 *
00000000                00000000 00000138    473 @AUTO#unittest_fnv1a DSECT
00000000                                     474          DS    XL168
000000A8                                     475 unittest_fnv1a#h#1 DS 1F   ; h
000000AC                000000AC 000000A8    476          ORG   @AUTO#unittest_fnv1a+168
000000A8                                     477 unittest_fnv1a#i#0 DS 8XL1 ; i
000000B0                000000B0 000000A8    478          ORG   @AUTO#unittest_fnv1a+168
000000A8                                     479 unittest_fnv1a#keys$To$Test#0 DS 96XL1 ; keysToTest
00000108                00000108 00000108    480          ORG   @AUTO#unittest_fnv1a+264
00000108                                     481 unittest_fnv1a#golang_hashfnv_results#0 DS 48XL1 ; golang_hashfnv_resul*
                                                                ts
                                             482 *
000004A6                00000000 000004A6    483 @CODE    CSECT
                                             484 @@STATIC ALIAS X'7C99848695A5F18150'
                                             485 @@STATIC DXD   64D
                                             486 *
                                             487 *  Non-Re-Entrant Data Section
                                             488 *
000004A8                000004A8 0000019C    489 @DATA    CSECT
                                             490 @DATA    RMODE ANY
                                             491 @DATA    AMODE ANY
000004A8 99846D8381939396                    492 @@T349   DC    X'99846D838193939683'               rd.calloc
000004B1 00                                  493          DC    1X'00'
000004B2 99846D9481939396                    494 @@T34D   DC    X'99846D948193939683'               rd.malloc
000004BB 00                                  495          DC    1X'00'
000004BC 99846D9985819393                    496 @@T352   DC    X'99846D99858193939683'             rd.realloc
000004C6 0000                                497          DC    2X'00'
000004C8 99846DA2A39984A4                    498 @@T358   DC    X'99846DA2A39984A497'               rd.strdup
000004D1 00                                  499          DC    1X'00'
000004D2 99846DA2A3999584                    500 @@T35D   DC    X'99846DA2A3999584A497'             rd.strndup
000004DC 0000                                501          DC    2X'00'
000004DE 99846D9985868395                    502 @@T365   DC    X'99846D9985868395A36DA2A482F0'     rd.refcnt.sub0
000004EC 0000                                503          DC    2X'00'
000004EE A49589A3A385A2A3                    504 @@T37A   DC    X'A49589A3A385A2A36D8695A5F181'     unittest.fnv1a
000004FC 00                                  505          DC    1X'00'
000004FE                                     506 @strings@ DS   0H
000004FE F1F2F3F40000D799                    507          DC    X'F1F2F3F40000D79985C194829385E689' 1234..PreAmbleWi
0000050E 9393C285D9859496                    508          DC    X'9393C285D9859496A585846BE38885D7' llBeRemoved.TheP
0000051E 9985D78199A3E388                    509          DC    X'9985D78199A3E38881A3C9A200009281' rePartThatIs..ka
0000052E 8692810087898285                    510          DC    X'86928100878982859989A288F1F2F3F4' fka.giberish1234
0000053E F5F6F7F8F9000000                    511          DC    X'F5F6F7F8F90000001BADF3F194D9C4E4' 56789.....31mRDU
0000054E E37A40C6C1C9D37A                    512          DC    X'E37A40C6C1C9D37A406CA27A6C847A40' T..FAIL...s..d..
0000055E 6CA27A4081A2A285                    513          DC    X'6CA27A4081A2A28599A3408681899385' .s..assert.faile
0000056E 847A404D8995A3F3                    514          DC    X'847A404D8995A3F3F26DA35D88407E7E' d...int32.t.h...
0000057E 408796938195876D                    515          DC    X'408796938195876D8881A2888695A56D' .golang.hashfnv.
                                                                                                                           Page   14 
  Active Usings: None
  Loc    Object Code      Addr1    Addr2    Stmt  Source Statement                                    DASM V1.95.14 2021/04/30 15:35 
0000058E 9985A2A493A3A2AD                    516          DC    X'9985A2A493A3A2AD89BD7A400000C37A' results.i.....C.
0000059E E081A28792818692                    517          DC    X'E081A2879281869281E0938982998492' .asgkafka.librdk
000005AE 81869281E0A29983                    518          DC    X'81869281E0A29983E099848695A5F181' afka.src.rdfnv1a
000005BE 4B830000C3819383                    519          DC    X'4B830000C3819383A49381A3858440C6' .c..Calculated.F
000005CE D5E560F181408881                    520          DC    X'D5E560F181408881A28840F0A76CA740' NV.1a.hash.0x.x.
000005DE 869699407F6CA27F                    521          DC    X'869699407F6CA27F6B4085A7978583A3' for...s...expect
000005EE 858440F0A76CA700                    522          DC    X'858440F0A76CA7001BADF09415004D89' ed.0x.x...0m...i
000005FE 95A3F3F26DA35D88                    523          DC    X'95A3F3F26DA35D88407E7E4087969381' nt32.t.h....gola
0000060E 95876D8881A28886                    524          DC    X'95876D8881A2888695A56D9985A2A493' ng.hashfnv.resul
0000061E A3A2AD89BD001BAD                    525          DC    X'A3A2AD89BD001BADF3F294D9C4E4E37A' ts.i....32mRDUT.
0000062E 40D7C1E2E27A406C                    526          DC    X'40D7C1E2E27A406CA27A6C847A406CA2' .PASS...s..d...s
0000063E 1BADF0941500                        527          DC    X'1BADF0941500'                     ..0m..
                                             528 @Erd_unittest_assert_on_failure ALIAS X'99846DA49589A3A385A2A36D81A2A28*
                                                                599A36D96956D86818993A49985'
                                             529          EXTRN @Erd_unittest_assert_on_failure
                                             530 @E__stderrp ALIAS C'@@STDERP'
                                             531          EXTRN @E__stderrp
                                             532 *
                                             533 *
                                             534 *   Re-entrant Data Initialization Section
                                             535 *
                                             536 @@INIT@  ALIAS C'rdfnv1a:'
00000648                00000648 00000230    537 @@INIT@  CSECT
                                             538 @@INIT@  AMODE ANY
                                             539 @@INIT@  RMODE ANY
00000648 05                                  540          DC    XL1'5'
00000649 000000                              541          DC    AL3(0)
0000064C 00000120                            542          DC    AL4(288)
00000650 00000000                            543          DC    4X'00'
00000654 00000000                            544          DC    Q(@@STATIC)
00000658 00000000                            545          DC    X'00000000'
0000065C 00000001                            546          DC    X'00000001'
00000660 00000000                            547          DC    X'00000000'
00000664 000000FF                            548          DC    X'000000FF'
00000668 0102039C09867F97                    549          DC    X'0102039C09867F978D8E0B0C0D0E0F10' .....f.p........
00000678 1112139D85088718                    550          DC    X'1112139D8508871819928F1C1D1E1F80' ....e.g..k......
00000688 818283840A171B88                    551          DC    X'818283840A171B88898A8B8C05060790' abcd...hi.......
00000698 9116939495960498                    552          DC    X'9116939495960498999A9B14159E1A20' j.lmno.qr.......
000006A8 A0E2E4E0E1E3E5E7                    553          DC    X'A0E2E4E0E1E3E5E7F1A22E3C282B7C26' .SU..TVX1s......
000006B8 E9EAEBE8EDEEEFEC                    554          DC    X'E9EAEBE8EDEEEFECDF21242A293B5E2D' Z..Y............
000006C8 2FC2C4C0C1C3C5C7                    555          DC    X'2FC2C4C0C1C3C5C7D1A62C255F3E3FF8' .BD.ACEGJw.....8
000006D8 C9CACBC8CDCECFCC                    556          DC    X'C9CACBC8CDCECFCC603A2340273D22D8' I..H...........Q
000006E8 6162636465666768                    557          DC    X'616263646566676869ABBBF0FDFEB1B0' ...........0....
000006F8 6A6B6C6D6E6F7071                    558          DC    X'6A6B6C6D6E6F707172AABAE6B8C6A4B5' ...........W.Fu.
00000708 7E73747576777879                    559          DC    X'7E737475767778797AA1BFD05BDEAEAC' ................
00000718 A3A5B7A9A7B6BCBD                    560          DC    X'A3A5B7A9A7B6BCBDBEDDA8AF5DB4D77B' tv.zx.....y...P.
00000728 4142434445464748                    561          DC    X'414243444546474849ADF4F6F2F3F57D' ..........46235.
00000738 4A4B4C4D4E4F5051                    562          DC    X'4A4B4C4D4E4F505152B9FBFCF9FAFF5C' ............9...
00000748 F753545556575859                    563          DC    X'F7535455565758595AB2D4D6D2D3D530' 7.........MOKLN.
00000758 3132333435363738                    564          DC    X'313233343536373839B3DBDCD9DA9F40' ............R...
                                             565 *
00000768 05                                  566          DC    XL1'5'
                                                                                                                           Page   15 
  Active Usings: None
  Loc    Object Code      Addr1    Addr2    Stmt  Source Statement                                    DASM V1.95.14 2021/04/30 15:35 
00000769 000000                              567          DC    AL3(0)
0000076C 000001E0                            568          DC    AL4(480)
00000770 00000000                            569          DC    4X'00'
00000774 00000000                            570          DC    Q(@@STATIC)
00000778 00000000                            571          DC    X'00000000'
0000077C 00000101                            572          DC    X'00000101'
00000780 00000000                            573          DC    X'00000000'
00000784 000000A0                            574          DC    X'000000A0'
00000788 010203372D2E2F16                    575          DC    X'010203372D2E2F1605150B0C0D0E0F10' ................
00000798 1112133C3D322618                    576          DC    X'1112133C3D322618193F271C1D1E1F40' ................
000007A8 5A7F7B5B6C507D4D                    577          DC    X'5A7F7B5B6C507D4D5D5C4E6B604B61F0' ...............0
000007B8 F1F2F3F4F5F6F7F8                    578          DC    X'F1F2F3F4F5F6F7F8F97A5E4C7E6E6F7C' 123456789.......
000007C8 C1C2C3C4C5C6C7C8                    579          DC    X'C1C2C3C4C5C6C7C8C9D1D2D3D4D5D6D7' ABCDEFGHIJKLMNOP
000007D8 D8D9E2E3E4E5E6E7                    580          DC    X'D8D9E2E3E4E5E6E7E8E9ADE0BD5F6D79' QRSTUVWXYZ......
000007E8 8182838485868788                    581          DC    X'81828384858687888991929394959697' abcdefghijklmnop
000007F8 9899A2A3A4A5A6A7                    582          DC    X'9899A2A3A4A5A6A7A8A9C04FD0A10720' qrstuvwxyz......
00000808 2122232425061728                    583          DC    X'2122232425061728292A2B2C090A1B30' ................
00000818 311A333435360838                    584          DC    X'311A333435360838393A3B04143EFF80' ................
                                             585 *
00000828 05                                  586          DC    XL1'5'
00000829 000000                              587          DC    AL3(0)
0000082C 00000208                            588          DC    AL4(520)
00000830 00000000                            589          DC    4X'00'
00000834 00000000                            590          DC    Q(@@STATIC)
00000838 00000000                            591          DC    X'00000000'
0000083C 000001C0                            592          DC    X'000001C0'
00000840 00000000                            593          DC    X'00000000'
00000844 00000001                            594          DC    X'00000001'
00000848 8A40404040404040                    595          DC    X'8A40404040404040'                 ........
                                             596 *
00000850 05                                  597          DC    XL1'5'
00000851 000000                              598          DC    AL3(0)
00000854 00000000                            599          DC    AL4(0)
00000858 00000000                            600          DC    4X'00'
0000085C 00000000                            601          DC    Q(@@STATIC)
00000860 00000000                            602          DC    X'00000000'
00000864 000001E0                            603          DC    X'000001E0'
00000868 00000000                            604          DC    X'00000000'
0000086C 00000001                            605          DC    X'00000001'
00000870 8B40404040404040                    606          DC    X'8B40404040404040'                 ........
                                             607 *
                                             608          END
                                                 Relocation Dictionary                                                     Page   16 
  Pos.Id   Rel.Id   Address  Type   Action                                                            DASM V1.95.14 2021/04/30 15:35 
 00000002 00000002 00000040   A 4      +
 00000002 00000002 00000048   A 4      +
 00000002 00000002 000000D0   A 4      +
 00000002 00000002 000000F8   A 4      +
 00000002 00000002 00000100   A 4      +
 00000002 00000008 00000250   A 4      +
 00000002 00000002 00000258   A 4      +
 00000002 00000003 00000260   A 4      +
 00000002 00000008 00000268   A 4      +
 00000002 00000005 00000270   Q 4      +
 00000002 00000006 00000274   Q 4      +
 00000002 00000004 00000278   A 4      +
 0000000B 00000007 00000654   Q 4      +
 0000000B 00000007 00000774   Q 4      +
 0000000B 00000007 00000834   Q 4      +
 0000000B 00000007 0000085C   Q 4      +
                                                 DSECT Cross Reference                                                     Page   17 
DSECT     LENGTH    ID   DEFN                                                                         DASM V1.95.14 2021/04/30 15:35 
@AUTO#rd_fnv1a
         000000B0  FFFFFFFF  00133
@AUTO#unittest_fnv1a
         00000138  FFFFFFFE  00473
                                          Macro and Copy Code Source Summary                                               Page   18 
Source                                                    Members                                     DASM V1.95.14 2021/04/30 15:35 

C:\DIGNUS\MACLIB                                          DCCCATR  DCCEPIL  DCCPRLG  DCCPRV   dccextrn
                                                      Using Map                                                            Page   19 
                                                                                                      DASM V1.95.14 2021/04/30 15:35 
  Stmt  -----Location----- Action ----------------Using----------------- Reg Max     Last Label and Using Text
          Count      Id           Type          Value    Range     Id        Disp    Stmt
    76  00000062  00000002 USING  ORDINARY    00000058 00001000 00000002  12 0004A    109 @REGION_760_1,12
   128  000000B4  00000002 DROP                                           12              12
   205  0000014E  00000002 USING  ORDINARY    00000110 00001000 00000002  12 0034E    442 @REGION_761_1,12
   468  000004A6  00000002 DROP                                           12              12
                                   Diagnostic Cross Reference and Assembler Summary                                        Page   20 
                                                                                                      DASM V1.95.14 2021/04/30 15:35 
      No Statements Flagged in this Assembly
DASM Dignus Systems/ASM, VERSION 1.95.14
SYSTEM: Windows 6.2                JOBNAME: (NOJOB)     STEPNAME: (NOSTEP)   PROCSTEP: (NOPROC)
Datasets Used for this Assembly
 Con  DDname   Dataset Name
  P1  RDFNV1A  ..\asg\asm\rdfnv1a.asm
  L2  DCCPRLG  C:\DIGNUS\MACLIB\dccprlg
  L3  DCCCATR  C:\DIGNUS\MACLIB\dcccatr
  L4  DCCEPIL  C:\DIGNUS\MACLIB\dccepil
  L5  DCCPRV   C:\DIGNUS\MACLIB\dccprv

Assembly Start Time: 15.35.17 Stop Time: 15.35.17 Processor Time: 00.00.00.0090
Return Code 000
